// Jest Snapshot v1, https://goo.gl/fbAQLP

exports[`Modal should match Snapshot without hint 1`] = `"<div role=\\"presentation\\" style=\\"position: fixed; z-index: 1300; right: 0px; bottom: 0px; top: 0px; left: 0px;\\"><div aria-hidden=\\"true\\" style=\\"z-index: -1; position: fixed; right: 0px; bottom: 0px; top: 0px; left: 0px; background-color: rgba(0, 0, 0, 0.5);\\"></div><div tabindex=\\"0\\" data-test=\\"sentinelStart\\"></div><div class=\\"makeStyles-paper-1\\" tabindex=\\"-1\\">child</div><div tabindex=\\"0\\" data-test=\\"sentinelEnd\\"></div></div>"`;
